// Jest Snapshot v1, https://goo.gl/fbAQLP

exports[`RoundState Import/Export Exports a complete history of the round to JSON 1`] = `
Object {
  "deck": Array [
    Object {
      "cardTypeKey": "BLOCKADE",
      "description": "If a Battle Card is played in an adjacent theater with 3 or more cards already in it (counting both players' cards), discard that card with no effect.",
      "effectType": "ONGOING",
      "id": 17,
      "name": "Blockade",
      "rank": 5,
      "theater": "SEA",
    },
    Object {
      "cardTypeKey": "HEAVY",
      "description": null,
      "effectType": "REGULAR",
      "id": 12,
      "name": "Heavy Tanks",
      "rank": 6,
      "theater": "LAND",
    },
    Object {
      "cardTypeKey": "COVER_FIRE",
      "description": "All Battle Cards covered by this card are now strength 4.",
      "effectType": "ONGOING",
      "id": 10,
      "name": "Cover Fire",
      "rank": 4,
      "theater": "LAND",
    },
    Object {
      "cardTypeKey": "AMBUSH",
      "description": "FLIP a Battle Card in any theater.",
      "effectType": "INSTANT",
      "id": 8,
      "name": "Ambush",
      "rank": 2,
      "theater": "LAND",
    },
    Object {
      "cardTypeKey": "HEAVY",
      "description": null,
      "effectType": "REGULAR",
      "id": 18,
      "name": "Super Battleship",
      "rank": 6,
      "theater": "SEA",
    },
    Object {
      "cardTypeKey": "HEAVY",
      "description": null,
      "effectType": "REGULAR",
      "id": 6,
      "name": "Heavy Bombers",
      "rank": 6,
      "theater": "AIR",
    },
    Object {
      "cardTypeKey": "AIR_DROP",
      "description": "On your next turn, you may play a battle card to a non-matching theater.",
      "effectType": "INSTANT",
      "id": 2,
      "name": "Air Drop",
      "rank": 2,
      "theater": "AIR",
    },
    Object {
      "cardTypeKey": "MANEUVER",
      "description": "FLIP a Battle Card in an adjacent theater.",
      "effectType": "INSTANT",
      "id": 3,
      "name": "Maneuver",
      "rank": 3,
      "theater": "AIR",
    },
    Object {
      "cardTypeKey": "TRANSPORT",
      "description": "You may MOVE 1 of your Battle Cards to a different theater.",
      "effectType": "INSTANT",
      "id": 13,
      "name": "Transport",
      "rank": 1,
      "theater": "SEA",
    },
    Object {
      "cardTypeKey": "MANEUVER",
      "description": "FLIP a Battle Card in an adjacent theater.",
      "effectType": "INSTANT",
      "id": 9,
      "name": "Maneuver",
      "rank": 3,
      "theater": "LAND",
    },
    Object {
      "cardTypeKey": "AERODROME",
      "description": "You may play Battle Cards of strength 3 or less to non-matching theaters.",
      "effectType": "ONGOING",
      "id": 4,
      "name": "Aerodrome",
      "rank": 4,
      "theater": "AIR",
    },
    Object {
      "cardTypeKey": "CONTAINMENT",
      "description": "If either player players a Battle Card face-down, immediately discard that card.",
      "effectType": "ONGOING",
      "id": 5,
      "name": "Containment",
      "rank": 5,
      "theater": "AIR",
    },
    Object {
      "cardTypeKey": "MANEUVER",
      "description": "FLIP a Battle Card in an adjacent theater.",
      "effectType": "INSTANT",
      "id": 15,
      "name": "Maneuver",
      "rank": 3,
      "theater": "SEA",
    },
    Object {
      "cardTypeKey": "ESCALATION",
      "description": "All of your face-down cards are now Strength 4.",
      "effectType": "ONGOING",
      "id": 14,
      "name": "Escalation",
      "rank": 2,
      "theater": "SEA",
    },
    Object {
      "cardTypeKey": "DISRUPT",
      "description": "Your opponent chooses and FLIPS 1 of their Battle Cards and then you FLIP 1 of yours.",
      "effectType": "INSTANT",
      "id": 11,
      "name": "Disrupt",
      "rank": 5,
      "theater": "LAND",
    },
    Object {
      "cardTypeKey": "REDEPLOY",
      "description": "Return 1 of your face-down cards to your hand. If you do, gain an extra turn.",
      "effectType": "INSTANT",
      "id": 16,
      "name": "Redeploy",
      "rank": 4,
      "theater": "SEA",
    },
    Object {
      "cardTypeKey": "SUPPORT",
      "description": "You gain +3 strength in each adjacent theater.",
      "effectType": "ONGOING",
      "id": 1,
      "name": "Support",
      "rank": 1,
      "theater": "AIR",
    },
    Object {
      "cardTypeKey": "REINFORCE",
      "description": "Look at the top card of the Battle Deck. You may play it face down to an adjacent theater.",
      "effectType": "INSTANT",
      "id": 7,
      "name": "Reinforce",
      "rank": 1,
      "theater": "LAND",
    },
  ],
  "moves": Array [
    Object {
      "faceUp": true,
      "id": 17,
      "theater": "SEA",
      "type": "CARD",
    },
    Object {
      "faceUp": true,
      "id": 12,
      "theater": "LAND",
      "type": "CARD",
    },
    Object {
      "faceUp": true,
      "id": 10,
      "theater": "LAND",
      "type": "CARD",
    },
    Object {
      "faceUp": false,
      "id": 8,
      "theater": "LAND",
      "type": "CARD",
    },
    Object {
      "faceUp": true,
      "id": 18,
      "theater": "SEA",
      "type": "CARD",
    },
    Object {
      "faceUp": true,
      "id": 6,
      "theater": "AIR",
      "type": "CARD",
    },
    Object {
      "faceUp": true,
      "id": 2,
      "theater": "AIR",
      "type": "CARD",
    },
    Object {
      "faceUp": false,
      "id": 3,
      "theater": "AIR",
      "type": "CARD",
    },
    Object {
      "faceUp": true,
      "id": 13,
      "theater": "SEA",
      "type": "CARD",
    },
    Object {
      "decision": Object {
        "made": Object {
          "destinationTheater": "LAND",
          "originIndexFromTop": 0,
          "originTheater": "AIR",
        },
        "type": "TRANSPORT_DECISION",
      },
      "type": "DECISION",
    },
  ],
}
`;
